[<[TypeProviderEditorHideMethods()]>]
class CsvProvider : FDR.CsvFile<CsvProvider+Row>
    new : () -> CsvProvider
    let stringArrayToRow = new Func<_,_,_>(fun (parent:obj) (row:string[]) -> 
                                              let value = TextConversions.AsString(row.[0])
                                              TextRuntime.GetNonOptionalValue("Ozone", TextRuntime.ConvertFloat("", "", value), value),
                                              let value = TextConversions.AsString(row.[1])
                                              TextRuntime.GetNonOptionalValue("Solar.R", TextRuntime.ConvertFloat("", "", value), value),
                                              let value = TextConversions.AsString(row.[2])
                                              TextRuntime.GetNonOptionalValue("Wind", TextRuntime.ConvertDecimal("", value), value),
                                              let value = TextConversions.AsString(row.[3])
                                              TextRuntime.GetNonOptionalValue("Temp", TextRuntime.ConvertInteger("", value), value),
                                              let value = TextConversions.AsString(row.[4])
                                              TextRuntime.GetNonOptionalValue("Month", TextRuntime.ConvertInteger("", value), value),
                                              let value = TextConversions.AsString(row.[5])
                                              TextRuntime.GetNonOptionalValue("Day", TextRuntime.ConvertInteger("", value), value))
    let rowToStringArray = new Func<_,_>(fun (row:_ * _ * _ * _ * _ * _) -> 
                                            [| TextRuntime.ConvertFloatBack("", "", Some (let t1,_,_,_,_,_ = row in t1))
                                               TextRuntime.ConvertFloatBack("", "", Some (let _,t2,_,_,_,_ = row in t2))
                                               TextRuntime.ConvertDecimalBack("", Some (let _,_,t3,_,_,_ = row in t3))
                                               TextRuntime.ConvertIntegerBack("", Some (let _,_,_,t4,_,_ = row in t4))
                                               TextRuntime.ConvertIntegerBack("", Some (let _,_,_,_,t5,_ = row in t5))
                                               TextRuntime.ConvertIntegerBack("", Some (let _,_,_,_,_,t6 = row in t6)) |])
    CsvFile<_>.Create(stringArrayToRow, rowToStringArray, FSharpAsync.RunSynchronously((IO.asyncReadTextAtRuntimeWithDesignTimeRules @"<RESOLUTION_FOLDER>" "" "CSV" "" "AirQuality.csv")), ";", '"', true, false, 0, false)

    static member AsyncGetSample: () -> CsvProvider async
    let f = new Func<_,_>(fun (t:TextReader) -> 
                             let stringArrayToRow = new Func<_,_,_>(fun (parent:obj) (row:string[]) -> 
                                                                       let value = TextConversions.AsString(row.[0])
                                                                       TextRuntime.GetNonOptionalValue("Ozone", TextRuntime.ConvertFloat("", "", value), value),
                                                                       let value = TextConversions.AsString(row.[1])
                                                                       TextRuntime.GetNonOptionalValue("Solar.R", TextRuntime.ConvertFloat("", "", value), value),
                                                                       let value = TextConversions.AsString(row.[2])
                                                                       TextRuntime.GetNonOptionalValue("Wind", TextRuntime.ConvertDecimal("", value), value),
                                                                       let value = TextConversions.AsString(row.[3])
                                                                       TextRuntime.GetNonOptionalValue("Temp", TextRuntime.ConvertInteger("", value), value),
                                                                       let value = TextConversions.AsString(row.[4])
                                                                       TextRuntime.GetNonOptionalValue("Month", TextRuntime.ConvertInteger("", value), value),
                                                                       let value = TextConversions.AsString(row.[5])
                                                                       TextRuntime.GetNonOptionalValue("Day", TextRuntime.ConvertInteger("", value), value))
                             let rowToStringArray = new Func<_,_>(fun (row:_ * _ * _ * _ * _ * _) -> 
                                                                     [| TextRuntime.ConvertFloatBack("", "", Some (let t1,_,_,_,_,_ = row in t1))
                                                                        TextRuntime.ConvertFloatBack("", "", Some (let _,t2,_,_,_,_ = row in t2))
                                                                        TextRuntime.ConvertDecimalBack("", Some (let _,_,t3,_,_,_ = row in t3))
                                                                        TextRuntime.ConvertIntegerBack("", Some (let _,_,_,t4,_,_ = row in t4))
                                                                        TextRuntime.ConvertIntegerBack("", Some (let _,_,_,_,t5,_ = row in t5))
                                                                        TextRuntime.ConvertIntegerBack("", Some (let _,_,_,_,_,t6 = row in t6)) |])
                             CsvFile<_>.Create(stringArrayToRow, rowToStringArray, t, ";", '"', true, false, 0, false))
    TextRuntime.AsyncMap((IO.asyncReadTextAtRuntimeWithDesignTimeRules @"<RESOLUTION_FOLDER>" "" "CSV" "" "AirQuality.csv"), f)

    static member AsyncLoad: uri:string -> CsvProvider async
    let f = new Func<_,_>(fun (t:TextReader) -> 
                             let stringArrayToRow = new Func<_,_,_>(fun (parent:obj) (row:string[]) -> 
                                                                       let value = TextConversions.AsString(row.[0])
                                                                       TextRuntime.GetNonOptionalValue("Ozone", TextRuntime.ConvertFloat("", "", value), value),
                                                                       let value = TextConversions.AsString(row.[1])
                                                                       TextRuntime.GetNonOptionalValue("Solar.R", TextRuntime.ConvertFloat("", "", value), value),
                                                                       let value = TextConversions.AsString(row.[2])
                                                                       TextRuntime.GetNonOptionalValue("Wind", TextRuntime.ConvertDecimal("", value), value),
                                                                       let value = TextConversions.AsString(row.[3])
                                                                       TextRuntime.GetNonOptionalValue("Temp", TextRuntime.ConvertInteger("", value), value),
                                                                       let value = TextConversions.AsString(row.[4])
                                                                       TextRuntime.GetNonOptionalValue("Month", TextRuntime.ConvertInteger("", value), value),
                                                                       let value = TextConversions.AsString(row.[5])
                                                                       TextRuntime.GetNonOptionalValue("Day", TextRuntime.ConvertInteger("", value), value))
                             let rowToStringArray = new Func<_,_>(fun (row:_ * _ * _ * _ * _ * _) -> 
                                                                     [| TextRuntime.ConvertFloatBack("", "", Some (let t1,_,_,_,_,_ = row in t1))
                                                                        TextRuntime.ConvertFloatBack("", "", Some (let _,t2,_,_,_,_ = row in t2))
                                                                        TextRuntime.ConvertDecimalBack("", Some (let _,_,t3,_,_,_ = row in t3))
                                                                        TextRuntime.ConvertIntegerBack("", Some (let _,_,_,t4,_,_ = row in t4))
                                                                        TextRuntime.ConvertIntegerBack("", Some (let _,_,_,_,t5,_ = row in t5))
                                                                        TextRuntime.ConvertIntegerBack("", Some (let _,_,_,_,_,t6 = row in t6)) |])
                             CsvFile<_>.Create(stringArrayToRow, rowToStringArray, t, ";", '"', true, false, 0, false))
    TextRuntime.AsyncMap((IO.asyncReadTextAtRuntime false @"<RESOLUTION_FOLDER>" "" "CSV" "" uri), f)

    static member GetSample: () -> CsvProvider
    let stringArrayToRow = new Func<_,_,_>(fun (parent:obj) (row:string[]) -> 
                                              let value = TextConversions.AsString(row.[0])
                                              TextRuntime.GetNonOptionalValue("Ozone", TextRuntime.ConvertFloat("", "", value), value),
                                              let value = TextConversions.AsString(row.[1])
                                              TextRuntime.GetNonOptionalValue("Solar.R", TextRuntime.ConvertFloat("", "", value), value),
                                              let value = TextConversions.AsString(row.[2])
                                              TextRuntime.GetNonOptionalValue("Wind", TextRuntime.ConvertDecimal("", value), value),
                                              let value = TextConversions.AsString(row.[3])
                                              TextRuntime.GetNonOptionalValue("Temp", TextRuntime.ConvertInteger("", value), value),
                                              let value = TextConversions.AsString(row.[4])
                                              TextRuntime.GetNonOptionalValue("Month", TextRuntime.ConvertInteger("", value), value),
                                              let value = TextConversions.AsString(row.[5])
                                              TextRuntime.GetNonOptionalValue("Day", TextRuntime.ConvertInteger("", value), value))
    let rowToStringArray = new Func<_,_>(fun (row:_ * _ * _ * _ * _ * _) -> 
                                            [| TextRuntime.ConvertFloatBack("", "", Some (let t1,_,_,_,_,_ = row in t1))
                                               TextRuntime.ConvertFloatBack("", "", Some (let _,t2,_,_,_,_ = row in t2))
                                               TextRuntime.ConvertDecimalBack("", Some (let _,_,t3,_,_,_ = row in t3))
                                               TextRuntime.ConvertIntegerBack("", Some (let _,_,_,t4,_,_ = row in t4))
                                               TextRuntime.ConvertIntegerBack("", Some (let _,_,_,_,t5,_ = row in t5))
                                               TextRuntime.ConvertIntegerBack("", Some (let _,_,_,_,_,t6 = row in t6)) |])
    CsvFile<_>.Create(stringArrayToRow, rowToStringArray, FSharpAsync.RunSynchronously((IO.asyncReadTextAtRuntimeWithDesignTimeRules @"<RESOLUTION_FOLDER>" "" "CSV" "" "AirQuality.csv")), ";", '"', true, false, 0, false)

    static member Load: stream:System.IO.Stream -> CsvProvider
    let stringArrayToRow = new Func<_,_,_>(fun (parent:obj) (row:string[]) -> 
                                              let value = TextConversions.AsString(row.[0])
                                              TextRuntime.GetNonOptionalValue("Ozone", TextRuntime.ConvertFloat("", "", value), value),
                                              let value = TextConversions.AsString(row.[1])
                                              TextRuntime.GetNonOptionalValue("Solar.R", TextRuntime.ConvertFloat("", "", value), value),
                                              let value = TextConversions.AsString(row.[2])
                                              TextRuntime.GetNonOptionalValue("Wind", TextRuntime.ConvertDecimal("", value), value),
                                              let value = TextConversions.AsString(row.[3])
                                              TextRuntime.GetNonOptionalValue("Temp", TextRuntime.ConvertInteger("", value), value),
                                              let value = TextConversions.AsString(row.[4])
                                              TextRuntime.GetNonOptionalValue("Month", TextRuntime.ConvertInteger("", value), value),
                                              let value = TextConversions.AsString(row.[5])
                                              TextRuntime.GetNonOptionalValue("Day", TextRuntime.ConvertInteger("", value), value))
    let rowToStringArray = new Func<_,_>(fun (row:_ * _ * _ * _ * _ * _) -> 
                                            [| TextRuntime.ConvertFloatBack("", "", Some (let t1,_,_,_,_,_ = row in t1))
                                               TextRuntime.ConvertFloatBack("", "", Some (let _,t2,_,_,_,_ = row in t2))
                                               TextRuntime.ConvertDecimalBack("", Some (let _,_,t3,_,_,_ = row in t3))
                                               TextRuntime.ConvertIntegerBack("", Some (let _,_,_,t4,_,_ = row in t4))
                                               TextRuntime.ConvertIntegerBack("", Some (let _,_,_,_,t5,_ = row in t5))
                                               TextRuntime.ConvertIntegerBack("", Some (let _,_,_,_,_,t6 = row in t6)) |])
    CsvFile<_>.Create(stringArrayToRow, rowToStringArray, ((new StreamReader(stream)) :> TextReader), ";", '"', true, false, 0, false)

    static member Load: reader:System.IO.TextReader -> CsvProvider
    let stringArrayToRow = new Func<_,_,_>(fun (parent:obj) (row:string[]) -> 
                                              let value = TextConversions.AsString(row.[0])
                                              TextRuntime.GetNonOptionalValue("Ozone", TextRuntime.ConvertFloat("", "", value), value),
                                              let value = TextConversions.AsString(row.[1])
                                              TextRuntime.GetNonOptionalValue("Solar.R", TextRuntime.ConvertFloat("", "", value), value),
                                              let value = TextConversions.AsString(row.[2])
                                              TextRuntime.GetNonOptionalValue("Wind", TextRuntime.ConvertDecimal("", value), value),
                                              let value = TextConversions.AsString(row.[3])
                                              TextRuntime.GetNonOptionalValue("Temp", TextRuntime.ConvertInteger("", value), value),
                                              let value = TextConversions.AsString(row.[4])
                                              TextRuntime.GetNonOptionalValue("Month", TextRuntime.ConvertInteger("", value), value),
                                              let value = TextConversions.AsString(row.[5])
                                              TextRuntime.GetNonOptionalValue("Day", TextRuntime.ConvertInteger("", value), value))
    let rowToStringArray = new Func<_,_>(fun (row:_ * _ * _ * _ * _ * _) -> 
                                            [| TextRuntime.ConvertFloatBack("", "", Some (let t1,_,_,_,_,_ = row in t1))
                                               TextRuntime.ConvertFloatBack("", "", Some (let _,t2,_,_,_,_ = row in t2))
                                               TextRuntime.ConvertDecimalBack("", Some (let _,_,t3,_,_,_ = row in t3))
                                               TextRuntime.ConvertIntegerBack("", Some (let _,_,_,t4,_,_ = row in t4))
                                               TextRuntime.ConvertIntegerBack("", Some (let _,_,_,_,t5,_ = row in t5))
                                               TextRuntime.ConvertIntegerBack("", Some (let _,_,_,_,_,t6 = row in t6)) |])
    CsvFile<_>.Create(stringArrayToRow, rowToStringArray, reader, ";", '"', true, false, 0, false)

    static member Load: uri:string -> CsvProvider
    let stringArrayToRow = new Func<_,_,_>(fun (parent:obj) (row:string[]) -> 
                                              let value = TextConversions.AsString(row.[0])
                                              TextRuntime.GetNonOptionalValue("Ozone", TextRuntime.ConvertFloat("", "", value), value),
                                              let value = TextConversions.AsString(row.[1])
                                              TextRuntime.GetNonOptionalValue("Solar.R", TextRuntime.ConvertFloat("", "", value), value),
                                              let value = TextConversions.AsString(row.[2])
                                              TextRuntime.GetNonOptionalValue("Wind", TextRuntime.ConvertDecimal("", value), value),
                                              let value = TextConversions.AsString(row.[3])
                                              TextRuntime.GetNonOptionalValue("Temp", TextRuntime.ConvertInteger("", value), value),
                                              let value = TextConversions.AsString(row.[4])
                                              TextRuntime.GetNonOptionalValue("Month", TextRuntime.ConvertInteger("", value), value),
                                              let value = TextConversions.AsString(row.[5])
                                              TextRuntime.GetNonOptionalValue("Day", TextRuntime.ConvertInteger("", value), value))
    let rowToStringArray = new Func<_,_>(fun (row:_ * _ * _ * _ * _ * _) -> 
                                            [| TextRuntime.ConvertFloatBack("", "", Some (let t1,_,_,_,_,_ = row in t1))
                                               TextRuntime.ConvertFloatBack("", "", Some (let _,t2,_,_,_,_ = row in t2))
                                               TextRuntime.ConvertDecimalBack("", Some (let _,_,t3,_,_,_ = row in t3))
                                               TextRuntime.ConvertIntegerBack("", Some (let _,_,_,t4,_,_ = row in t4))
                                               TextRuntime.ConvertIntegerBack("", Some (let _,_,_,_,t5,_ = row in t5))
                                               TextRuntime.ConvertIntegerBack("", Some (let _,_,_,_,_,t6 = row in t6)) |])
    CsvFile<_>.Create(stringArrayToRow, rowToStringArray, FSharpAsync.RunSynchronously((IO.asyncReadTextAtRuntime false @"<RESOLUTION_FOLDER>" "" "CSV" "" uri)), ";", '"', true, false, 0, false)

    static member Parse: text:string -> CsvProvider
    let stringArrayToRow = new Func<_,_,_>(fun (parent:obj) (row:string[]) -> 
                                              let value = TextConversions.AsString(row.[0])
                                              TextRuntime.GetNonOptionalValue("Ozone", TextRuntime.ConvertFloat("", "", value), value),
                                              let value = TextConversions.AsString(row.[1])
                                              TextRuntime.GetNonOptionalValue("Solar.R", TextRuntime.ConvertFloat("", "", value), value),
                                              let value = TextConversions.AsString(row.[2])
                                              TextRuntime.GetNonOptionalValue("Wind", TextRuntime.ConvertDecimal("", value), value),
                                              let value = TextConversions.AsString(row.[3])
                                              TextRuntime.GetNonOptionalValue("Temp", TextRuntime.ConvertInteger("", value), value),
                                              let value = TextConversions.AsString(row.[4])
                                              TextRuntime.GetNonOptionalValue("Month", TextRuntime.ConvertInteger("", value), value),
                                              let value = TextConversions.AsString(row.[5])
                                              TextRuntime.GetNonOptionalValue("Day", TextRuntime.ConvertInteger("", value), value))
    let rowToStringArray = new Func<_,_>(fun (row:_ * _ * _ * _ * _ * _) -> 
                                            [| TextRuntime.ConvertFloatBack("", "", Some (let t1,_,_,_,_,_ = row in t1))
                                               TextRuntime.ConvertFloatBack("", "", Some (let _,t2,_,_,_,_ = row in t2))
                                               TextRuntime.ConvertDecimalBack("", Some (let _,_,t3,_,_,_ = row in t3))
                                               TextRuntime.ConvertIntegerBack("", Some (let _,_,_,t4,_,_ = row in t4))
                                               TextRuntime.ConvertIntegerBack("", Some (let _,_,_,_,t5,_ = row in t5))
                                               TextRuntime.ConvertIntegerBack("", Some (let _,_,_,_,_,t6 = row in t6)) |])
    CsvFile<_>.Create(stringArrayToRow, rowToStringArray, ((new StringReader(text)) :> TextReader), ";", '"', true, false, 0, false)


[<[TypeProviderEditorHideMethods()]>]
class CsvProvider+Row : float * float * decimal * int * int * int
    member Day: int with get
    (let _,_,_,_,_,t6 = this in t6)

    member Month: int with get
    (let _,_,_,_,t5,_ = this in t5)

    member Ozone: float with get
    (let t1,_,_,_,_,_ = this in t1)

    member Solar.R: float with get
    (let _,t2,_,_,_,_ = this in t2)

    member Temp: int with get
    (let _,_,_,t4,_,_ = this in t4)

    member Wind: decimal with get
    (let _,_,t3,_,_,_ = this in t3)


