[<[TypeProviderEditorHideMethods()]>]
class CsvProvider : FDR.CsvFile<CsvProvider+Row>
    new : () -> CsvProvider
    let stringArrayToRow = new Func<_,_,_>(fun (parent:obj) (row:string[]) -> 
                                              let value = TextConversions.AsString(row.[0])
                                              TextRuntime.GetNonOptionalValue("id", TextRuntime.ConvertInteger("ja-JP", value), value),
                                              let value = TextConversions.AsString(row.[1])
                                              TextRuntime.GetNonOptionalValue("value", TextRuntime.ConvertFloat("ja-JP", "NaN (非数値)", value), value))
    let rowToStringArray = new Func<_,_>(fun (row:_ * _) -> 
                                            [| TextRuntime.ConvertIntegerBack("ja-JP", Some (let t1,_ = row in t1))
                                               TextRuntime.ConvertFloatBack("ja-JP", "NaN (非数値)", Some (let _,t2 = row in t2)) |])
    CsvFile<_>.Create(stringArrayToRow, rowToStringArray, FSharpAsync.RunSynchronously((IO.asyncReadTextAtRuntimeWithDesignTimeRules @"<RESOLUTION_FOLDER>" "" "CSV" "932" "cp932.csv")), ",", '"', true, false, 0, false)

    static member AsyncGetSample: () -> CsvProvider async
    let f = new Func<_,_>(fun (t:TextReader) -> 
                             let stringArrayToRow = new Func<_,_,_>(fun (parent:obj) (row:string[]) -> 
                                                                       let value = TextConversions.AsString(row.[0])
                                                                       TextRuntime.GetNonOptionalValue("id", TextRuntime.ConvertInteger("ja-JP", value), value),
                                                                       let value = TextConversions.AsString(row.[1])
                                                                       TextRuntime.GetNonOptionalValue("value", TextRuntime.ConvertFloat("ja-JP", "NaN (非数値)", value), value))
                             let rowToStringArray = new Func<_,_>(fun (row:_ * _) -> 
                                                                     [| TextRuntime.ConvertIntegerBack("ja-JP", Some (let t1,_ = row in t1))
                                                                        TextRuntime.ConvertFloatBack("ja-JP", "NaN (非数値)", Some (let _,t2 = row in t2)) |])
                             CsvFile<_>.Create(stringArrayToRow, rowToStringArray, t, ",", '"', true, false, 0, false))
    TextRuntime.AsyncMap((IO.asyncReadTextAtRuntimeWithDesignTimeRules @"<RESOLUTION_FOLDER>" "" "CSV" "932" "cp932.csv"), f)

    static member AsyncLoad: uri:string -> CsvProvider async
    let f = new Func<_,_>(fun (t:TextReader) -> 
                             let stringArrayToRow = new Func<_,_,_>(fun (parent:obj) (row:string[]) -> 
                                                                       let value = TextConversions.AsString(row.[0])
                                                                       TextRuntime.GetNonOptionalValue("id", TextRuntime.ConvertInteger("ja-JP", value), value),
                                                                       let value = TextConversions.AsString(row.[1])
                                                                       TextRuntime.GetNonOptionalValue("value", TextRuntime.ConvertFloat("ja-JP", "NaN (非数値)", value), value))
                             let rowToStringArray = new Func<_,_>(fun (row:_ * _) -> 
                                                                     [| TextRuntime.ConvertIntegerBack("ja-JP", Some (let t1,_ = row in t1))
                                                                        TextRuntime.ConvertFloatBack("ja-JP", "NaN (非数値)", Some (let _,t2 = row in t2)) |])
                             CsvFile<_>.Create(stringArrayToRow, rowToStringArray, t, ",", '"', true, false, 0, false))
    TextRuntime.AsyncMap((IO.asyncReadTextAtRuntime false @"<RESOLUTION_FOLDER>" "" "CSV" "932" uri), f)

    static member GetSample: () -> CsvProvider
    let stringArrayToRow = new Func<_,_,_>(fun (parent:obj) (row:string[]) -> 
                                              let value = TextConversions.AsString(row.[0])
                                              TextRuntime.GetNonOptionalValue("id", TextRuntime.ConvertInteger("ja-JP", value), value),
                                              let value = TextConversions.AsString(row.[1])
                                              TextRuntime.GetNonOptionalValue("value", TextRuntime.ConvertFloat("ja-JP", "NaN (非数値)", value), value))
    let rowToStringArray = new Func<_,_>(fun (row:_ * _) -> 
                                            [| TextRuntime.ConvertIntegerBack("ja-JP", Some (let t1,_ = row in t1))
                                               TextRuntime.ConvertFloatBack("ja-JP", "NaN (非数値)", Some (let _,t2 = row in t2)) |])
    CsvFile<_>.Create(stringArrayToRow, rowToStringArray, FSharpAsync.RunSynchronously((IO.asyncReadTextAtRuntimeWithDesignTimeRules @"<RESOLUTION_FOLDER>" "" "CSV" "932" "cp932.csv")), ",", '"', true, false, 0, false)

    static member Load: stream:System.IO.Stream -> CsvProvider
    let stringArrayToRow = new Func<_,_,_>(fun (parent:obj) (row:string[]) -> 
                                              let value = TextConversions.AsString(row.[0])
                                              TextRuntime.GetNonOptionalValue("id", TextRuntime.ConvertInteger("ja-JP", value), value),
                                              let value = TextConversions.AsString(row.[1])
                                              TextRuntime.GetNonOptionalValue("value", TextRuntime.ConvertFloat("ja-JP", "NaN (非数値)", value), value))
    let rowToStringArray = new Func<_,_>(fun (row:_ * _) -> 
                                            [| TextRuntime.ConvertIntegerBack("ja-JP", Some (let t1,_ = row in t1))
                                               TextRuntime.ConvertFloatBack("ja-JP", "NaN (非数値)", Some (let _,t2 = row in t2)) |])
    CsvFile<_>.Create(stringArrayToRow, rowToStringArray, ((new StreamReader(stream)) :> TextReader), ",", '"', true, false, 0, false)

    static member Load: reader:System.IO.TextReader -> CsvProvider
    let stringArrayToRow = new Func<_,_,_>(fun (parent:obj) (row:string[]) -> 
                                              let value = TextConversions.AsString(row.[0])
                                              TextRuntime.GetNonOptionalValue("id", TextRuntime.ConvertInteger("ja-JP", value), value),
                                              let value = TextConversions.AsString(row.[1])
                                              TextRuntime.GetNonOptionalValue("value", TextRuntime.ConvertFloat("ja-JP", "NaN (非数値)", value), value))
    let rowToStringArray = new Func<_,_>(fun (row:_ * _) -> 
                                            [| TextRuntime.ConvertIntegerBack("ja-JP", Some (let t1,_ = row in t1))
                                               TextRuntime.ConvertFloatBack("ja-JP", "NaN (非数値)", Some (let _,t2 = row in t2)) |])
    CsvFile<_>.Create(stringArrayToRow, rowToStringArray, reader, ",", '"', true, false, 0, false)

    static member Load: uri:string -> CsvProvider
    let stringArrayToRow = new Func<_,_,_>(fun (parent:obj) (row:string[]) -> 
                                              let value = TextConversions.AsString(row.[0])
                                              TextRuntime.GetNonOptionalValue("id", TextRuntime.ConvertInteger("ja-JP", value), value),
                                              let value = TextConversions.AsString(row.[1])
                                              TextRuntime.GetNonOptionalValue("value", TextRuntime.ConvertFloat("ja-JP", "NaN (非数値)", value), value))
    let rowToStringArray = new Func<_,_>(fun (row:_ * _) -> 
                                            [| TextRuntime.ConvertIntegerBack("ja-JP", Some (let t1,_ = row in t1))
                                               TextRuntime.ConvertFloatBack("ja-JP", "NaN (非数値)", Some (let _,t2 = row in t2)) |])
    CsvFile<_>.Create(stringArrayToRow, rowToStringArray, FSharpAsync.RunSynchronously((IO.asyncReadTextAtRuntime false @"<RESOLUTION_FOLDER>" "" "CSV" "932" uri)), ",", '"', true, false, 0, false)

    static member Parse: text:string -> CsvProvider
    let stringArrayToRow = new Func<_,_,_>(fun (parent:obj) (row:string[]) -> 
                                              let value = TextConversions.AsString(row.[0])
                                              TextRuntime.GetNonOptionalValue("id", TextRuntime.ConvertInteger("ja-JP", value), value),
                                              let value = TextConversions.AsString(row.[1])
                                              TextRuntime.GetNonOptionalValue("value", TextRuntime.ConvertFloat("ja-JP", "NaN (非数値)", value), value))
    let rowToStringArray = new Func<_,_>(fun (row:_ * _) -> 
                                            [| TextRuntime.ConvertIntegerBack("ja-JP", Some (let t1,_ = row in t1))
                                               TextRuntime.ConvertFloatBack("ja-JP", "NaN (非数値)", Some (let _,t2 = row in t2)) |])
    CsvFile<_>.Create(stringArrayToRow, rowToStringArray, ((new StringReader(text)) :> TextReader), ",", '"', true, false, 0, false)


[<[TypeProviderEditorHideMethods()]>]
class CsvProvider+Row : int * float
    member Id: int with get
    (let t1,_ = this in t1)

    member Value: float with get
    (let _,t2 = this in t2)


