class JsonProvider : obj
    static member AsyncGetSample: () -> JsonProvider+WorldBank async
    let f = new Func<_,_>(fun (t:TextReader) -> JsonDocument.Create(t))
    TextRuntime.AsyncMap((IO.asyncReadTextAtRuntimeWithDesignTimeRules "<RESOLUTION_FOLDER>" "" "JSON" "" "WorldBank.json"), f)

    static member AsyncLoad: uri:string -> JsonProvider+WorldBank async
    let f = new Func<_,_>(fun (t:TextReader) -> JsonDocument.Create(t))
    TextRuntime.AsyncMap((IO.asyncReadTextAtRuntime false "<RESOLUTION_FOLDER>" "" "JSON" "" uri), f)

    static member GetSample: () -> JsonProvider+WorldBank
    JsonDocument.Create(FSharpAsync.RunSynchronously((IO.asyncReadTextAtRuntimeWithDesignTimeRules "<RESOLUTION_FOLDER>" "" "JSON" "" "WorldBank.json")))

    static member Load: stream:System.IO.Stream -> JsonProvider+WorldBank
    JsonDocument.Create(((new StreamReader(stream)) :> TextReader))

    static member Load: reader:System.IO.TextReader -> JsonProvider+WorldBank
    JsonDocument.Create(reader)

    static member Load: uri:string -> JsonProvider+WorldBank
    JsonDocument.Create(FSharpAsync.RunSynchronously((IO.asyncReadTextAtRuntime false "<RESOLUTION_FOLDER>" "" "JSON" "" uri)))

    static member Load: value:JsonValue -> JsonProvider+WorldBank
    JsonDocument.Create(value, "")

    static member Parse: text:string -> JsonProvider+WorldBank
    JsonDocument.Create(((new StringReader(text)) :> TextReader))

    static member ParseList: text:string -> JsonProvider+JsonProvider+WorldBank[]
    JsonDocument.CreateList(((new StringReader(text)) :> TextReader))


class JsonProvider+WorldBank : FDR.BaseTypes.IJsonDocument
    new : array:JsonProvider+JsonProvider+Record[] -> record:JsonProvider+Record2 -> JsonProvider+WorldBank
    JsonRuntime.CreateArray([| ((array :> obj),
                                0)
                               ((record :> obj),
                                0) |], "")

    new : jsonValue:JsonValue -> JsonProvider+WorldBank
    JsonDocument.Create(jsonValue, "")

    member Array: JsonProvider+JsonProvider+Record[] with get
    JsonRuntime.ConvertArray(JsonRuntime.GetArrayChildByTypeTag(this, "", "Array"), new Func<_,_>(id)))

    member Record: JsonProvider+Record2 with get
    JsonRuntime.GetArrayChildByTypeTag(this, "", "Record")


class JsonProvider+Record : FDR.BaseTypes.IJsonDocument
    new : indicator:JsonProvider+Indicator -> country:JsonProvider+Indicator -> value:decimal option -> decimal:int -> date:int -> JsonProvider+Record
    JsonRuntime.CreateRecord([| ("indicator",
                                 (indicator :> obj),
                                 0)
                                ("country",
                                 (country :> obj),
                                 0)
                                ("value",
                                 (value :> obj),
                                 1)
                                ("decimal",
                                 (decimal :> obj),
                                 1)
                                ("date",
                                 (date :> obj),
                                 1) |], "")

    new : jsonValue:JsonValue -> JsonProvider+Record
    JsonDocument.Create(jsonValue, "")

    member Country: JsonProvider+Indicator with get
    JsonRuntime.GetPropertyPacked(this, "country")

    member Date: int with get
    let value = JsonRuntime.TryGetPropertyUnpackedWithPath(this, "date")
    JsonRuntime.GetNonOptionalValue(value.Path, JsonRuntime.ConvertInteger("", value.JsonOpt), value.JsonOpt)

    member Decimal: int with get
    let value = JsonRuntime.TryGetPropertyUnpackedWithPath(this, "decimal")
    JsonRuntime.GetNonOptionalValue(value.Path, JsonRuntime.ConvertInteger("", value.JsonOpt), value.JsonOpt)

    member Indicator: JsonProvider+Indicator with get
    JsonRuntime.GetPropertyPacked(this, "indicator")

    member Value: decimal option with get
    JsonRuntime.ConvertDecimal("", JsonRuntime.TryGetPropertyUnpacked(this, "value"))


class JsonProvider+Record2 : FDR.BaseTypes.IJsonDocument
    new : page:int -> pages:int -> perPage:int -> total:int -> JsonProvider+Record2
    JsonRuntime.CreateRecord([| ("page",
                                 (page :> obj),
                                 2)
                                ("pages",
                                 (pages :> obj),
                                 2)
                                ("per_page",
                                 (perPage :> obj),
                                 1)
                                ("total",
                                 (total :> obj),
                                 2) |], "")

    new : jsonValue:JsonValue -> JsonProvider+Record2
    JsonDocument.Create(jsonValue, "")

    member Page: int with get
    let value = JsonRuntime.TryGetPropertyUnpackedWithPath(this, "page")
    JsonRuntime.GetNonOptionalValue(value.Path, JsonRuntime.ConvertInteger("", value.JsonOpt), value.JsonOpt)

    member Pages: int with get
    let value = JsonRuntime.TryGetPropertyUnpackedWithPath(this, "pages")
    JsonRuntime.GetNonOptionalValue(value.Path, JsonRuntime.ConvertInteger("", value.JsonOpt), value.JsonOpt)

    member PerPage: int with get
    let value = JsonRuntime.TryGetPropertyUnpackedWithPath(this, "per_page")
    JsonRuntime.GetNonOptionalValue(value.Path, JsonRuntime.ConvertInteger("", value.JsonOpt), value.JsonOpt)

    member Total: int with get
    let value = JsonRuntime.TryGetPropertyUnpackedWithPath(this, "total")
    JsonRuntime.GetNonOptionalValue(value.Path, JsonRuntime.ConvertInteger("", value.JsonOpt), value.JsonOpt)


class JsonProvider+Indicator : FDR.BaseTypes.IJsonDocument
    new : id:string -> value:string -> JsonProvider+Indicator
    JsonRuntime.CreateRecord([| ("id",
                                 (id :> obj),
                                 1)
                                ("value",
                                 (value :> obj),
                                 1) |], "")

    new : jsonValue:JsonValue -> JsonProvider+Indicator
    JsonDocument.Create(jsonValue, "")

    member Id: string with get
    let value = JsonRuntime.TryGetPropertyUnpackedWithPath(this, "id")
    JsonRuntime.GetNonOptionalValue(value.Path, JsonRuntime.ConvertString("", value.JsonOpt), value.JsonOpt)

    member Value: string with get
    let value = JsonRuntime.TryGetPropertyUnpackedWithPath(this, "value")
    JsonRuntime.GetNonOptionalValue(value.Path, JsonRuntime.ConvertString("", value.JsonOpt), value.JsonOpt)


