class JsonProvider
    static member AsyncLoad: uri:string -> JsonProvider+Topic[] async
    let f = new Func<_,_>(fun (t:TextReader) -> JsonRuntime.ConvertArray(JsonDocument.Create(t, ""), new Func<_,_>(id))))
    TextRuntime.AsyncMap((IO.asyncReadTextAtRuntime false @"<RESOLUTION_FOLDER>" "" "JSON" "" uri), f)

    static member Load: stream:System.IO.Stream -> JsonProvider+Topic[]
    JsonRuntime.ConvertArray(JsonDocument.Create(((new StreamReader(stream)) :> TextReader), ""), new Func<_,_>(id)))

    static member Load: reader:System.IO.TextReader -> JsonProvider+Topic[]
    JsonRuntime.ConvertArray(JsonDocument.Create(reader, ""), new Func<_,_>(id)))

    static member Load: uri:string -> JsonProvider+Topic[]
    JsonRuntime.ConvertArray(JsonDocument.Create(FSharpAsync.RunSynchronously((IO.asyncReadTextAtRuntime false @"<RESOLUTION_FOLDER>" "" "JSON" "" uri)), ""), new Func<_,_>(id)))

    static member Parse: text:string -> JsonProvider+Topic[]
    JsonRuntime.ConvertArray(JsonDocument.Create(((new StringReader(text)) :> TextReader), ""), new Func<_,_>(id)))


class JsonProvider+Topic : FDR.IJsonDocument
    new : photo:string -> previewLink:string option -> smallIconHover:string -> largeIcon:string -> video:string option -> universityIds:string[] -> id:int -> universities:JsonProvider+University[] -> selfServiceCourseId:int option -> shortDescription:string -> shortName:string -> categoryIds:string[] -> visibility:int option -> smallIcon:string -> instructor:string option -> categories:JsonProvider+Category[] -> name:string -> language:string -> courses:JsonProvider+Course[] -> universityLogo:string option -> courseIds:int[] -> display:bool -> subtitleLanguagesCsv:string option -> JsonProvider+Topic
    JsonRuntime.CreateRecord([| ("photo",
                                 (photo :> obj))
                                ("preview_link",
                                 (previewLink :> obj))
                                ("small_icon_hover",
                                 (smallIconHover :> obj))
                                ("large_icon",
                                 (largeIcon :> obj))
                                ("video",
                                 (video :> obj))
                                ("university-ids",
                                 (universityIds :> obj))
                                ("id",
                                 (id :> obj))
                                ("universities",
                                 (universities :> obj))
                                ("self_service_course_id",
                                 (selfServiceCourseId :> obj))
                                ("short_description",
                                 (shortDescription :> obj))
                                ("short_name",
                                 (shortName :> obj))
                                ("category-ids",
                                 (categoryIds :> obj))
                                ("visibility",
                                 (visibility :> obj))
                                ("small_icon",
                                 (smallIcon :> obj))
                                ("instructor",
                                 (instructor :> obj))
                                ("categories",
                                 (categories :> obj))
                                ("name",
                                 (name :> obj))
                                ("language",
                                 (language :> obj))
                                ("courses",
                                 (courses :> obj))
                                ("university_logo",
                                 (universityLogo :> obj))
                                ("course-ids",
                                 (courseIds :> obj))
                                ("display",
                                 (display :> obj))
                                ("subtitle_languages_csv",
                                 (subtitleLanguagesCsv :> obj)) |], "")

    new : jsonValue:JsonValue -> JsonProvider+Topic
    JsonDocument.Create(jsonValue, "")

    member Categories: JsonProvider+Category[] with get
    JsonRuntime.ConvertArray(JsonRuntime.GetPropertyPackedOrNull(this, "categories"), new Func<_,_>(id)))

    member CategoryIds: string[] with get
    JsonRuntime.ConvertArray(JsonRuntime.GetPropertyPackedOrNull(this, "category-ids"), new Func<_,_>(fun (t:IJsonDocument) -> JsonRuntime.GetNonOptionalValue(t.Path(), JsonRuntime.ConvertString("", Some t.JsonValue), Some t.JsonValue)))

    member CourseIds: int[] with get
    JsonRuntime.ConvertArray(JsonRuntime.GetPropertyPackedOrNull(this, "course-ids"), new Func<_,_>(fun (t:IJsonDocument) -> JsonRuntime.GetNonOptionalValue(t.Path(), JsonRuntime.ConvertInteger("", Some t.JsonValue), Some t.JsonValue)))

    member Courses: JsonProvider+Course[] with get
    JsonRuntime.ConvertArray(JsonRuntime.GetPropertyPackedOrNull(this, "courses"), new Func<_,_>(id)))

    member Display: bool with get
    let value = JsonRuntime.TryGetPropertyUnpackedWithPath(this, "display")
    JsonRuntime.GetNonOptionalValue(value.Path, JsonRuntime.ConvertBoolean("", value.JsonOpt), value.JsonOpt)

    member Id: int with get
    let value = JsonRuntime.TryGetPropertyUnpackedWithPath(this, "id")
    JsonRuntime.GetNonOptionalValue(value.Path, JsonRuntime.ConvertInteger("", value.JsonOpt), value.JsonOpt)

    member Instructor: string option with get
    JsonRuntime.ConvertString("", JsonRuntime.TryGetPropertyUnpacked(this, "instructor"))

    member Language: string with get
    let value = JsonRuntime.TryGetPropertyUnpackedWithPath(this, "language")
    JsonRuntime.GetNonOptionalValue(value.Path, JsonRuntime.ConvertString("", value.JsonOpt), value.JsonOpt)

    member LargeIcon: string with get
    let value = JsonRuntime.TryGetPropertyUnpackedWithPath(this, "large_icon")
    JsonRuntime.GetNonOptionalValue(value.Path, JsonRuntime.ConvertString("", value.JsonOpt), value.JsonOpt)

    member Name: string with get
    let value = JsonRuntime.TryGetPropertyUnpackedWithPath(this, "name")
    JsonRuntime.GetNonOptionalValue(value.Path, JsonRuntime.ConvertString("", value.JsonOpt), value.JsonOpt)

    member Photo: string with get
    let value = JsonRuntime.TryGetPropertyUnpackedWithPath(this, "photo")
    JsonRuntime.GetNonOptionalValue(value.Path, JsonRuntime.ConvertString("", value.JsonOpt), value.JsonOpt)

    member PreviewLink: string option with get
    JsonRuntime.ConvertString("", JsonRuntime.TryGetPropertyUnpacked(this, "preview_link"))

    member SelfServiceCourseId: int option with get
    JsonRuntime.ConvertInteger("", JsonRuntime.TryGetPropertyUnpacked(this, "self_service_course_id"))

    member ShortDescription: string with get
    let value = JsonRuntime.TryGetPropertyUnpackedWithPath(this, "short_description")
    JsonRuntime.GetNonOptionalValue(value.Path, JsonRuntime.ConvertString("", value.JsonOpt), value.JsonOpt)

    member ShortName: string with get
    let value = JsonRuntime.TryGetPropertyUnpackedWithPath(this, "short_name")
    JsonRuntime.GetNonOptionalValue(value.Path, JsonRuntime.ConvertString("", value.JsonOpt), value.JsonOpt)

    member SmallIcon: string with get
    let value = JsonRuntime.TryGetPropertyUnpackedWithPath(this, "small_icon")
    JsonRuntime.GetNonOptionalValue(value.Path, JsonRuntime.ConvertString("", value.JsonOpt), value.JsonOpt)

    member SmallIconHover: string with get
    let value = JsonRuntime.TryGetPropertyUnpackedWithPath(this, "small_icon_hover")
    JsonRuntime.GetNonOptionalValue(value.Path, JsonRuntime.ConvertString("", value.JsonOpt), value.JsonOpt)

    member SubtitleLanguagesCsv: string option with get
    JsonRuntime.ConvertString("", JsonRuntime.TryGetPropertyUnpacked(this, "subtitle_languages_csv"))

    member Universities: JsonProvider+University[] with get
    JsonRuntime.ConvertArray(JsonRuntime.GetPropertyPackedOrNull(this, "universities"), new Func<_,_>(id)))

    member UniversityIds: string[] with get
    JsonRuntime.ConvertArray(JsonRuntime.GetPropertyPackedOrNull(this, "university-ids"), new Func<_,_>(fun (t:IJsonDocument) -> JsonRuntime.GetNonOptionalValue(t.Path(), JsonRuntime.ConvertString("", Some t.JsonValue), Some t.JsonValue)))

    member UniversityLogo: string option with get
    JsonRuntime.ConvertString("", JsonRuntime.TryGetPropertyUnpacked(this, "university_logo"))

    member Video: string option with get
    JsonRuntime.ConvertString("", JsonRuntime.TryGetPropertyUnpacked(this, "video"))

    member Visibility: int option with get
    JsonRuntime.ConvertInteger("", JsonRuntime.TryGetPropertyUnpacked(this, "visibility"))


class JsonProvider+Category : FDR.IJsonDocument
    new : id:int -> name:string -> mailingListId:int option -> shortName:string -> description:string option -> JsonProvider+Category
    JsonRuntime.CreateRecord([| ("id",
                                 (id :> obj))
                                ("name",
                                 (name :> obj))
                                ("mailing_list_id",
                                 (mailingListId :> obj))
                                ("short_name",
                                 (shortName :> obj))
                                ("description",
                                 (description :> obj)) |], "")

    new : jsonValue:JsonValue -> JsonProvider+Category
    JsonDocument.Create(jsonValue, "")

    member Description: string option with get
    JsonRuntime.ConvertString("", JsonRuntime.TryGetPropertyUnpacked(this, "description"))

    member Id: int with get
    let value = JsonRuntime.TryGetPropertyUnpackedWithPath(this, "id")
    JsonRuntime.GetNonOptionalValue(value.Path, JsonRuntime.ConvertInteger("", value.JsonOpt), value.JsonOpt)

    member MailingListId: int option with get
    JsonRuntime.ConvertInteger("", JsonRuntime.TryGetPropertyUnpacked(this, "mailing_list_id"))

    member Name: string with get
    let value = JsonRuntime.TryGetPropertyUnpackedWithPath(this, "name")
    JsonRuntime.GetNonOptionalValue(value.Path, JsonRuntime.ConvertString("", value.JsonOpt), value.JsonOpt)

    member ShortName: string with get
    let value = JsonRuntime.TryGetPropertyUnpackedWithPath(this, "short_name")
    JsonRuntime.GetNonOptionalValue(value.Path, JsonRuntime.ConvertString("", value.JsonOpt), value.JsonOpt)


class JsonProvider+Course : FDR.IJsonDocument
    new : gradingPolicyDistinction:string option -> aceTrackPriceDisplay:JsonValue -> signatureTrackCertificateDesignId:JsonValue -> aceSemesterHours:JsonValue -> startDay:int option -> durationString:string option -> signatureTrackLastChanceTime:System.DateTime option -> id:int -> startMonth:int option -> certificateDescription:string option -> startDateString:JsonProvider+StringOrDateTime -> cheggSessionId:JsonValue -> signatureTrackRegularPrice:int option -> gradesReleaseDate:System.DateTime option -> certificatesReady:bool -> signatureTrackPrice:int option -> statementDesignId:int option -> signatureTrackRegistrationOpen:bool -> topicId:int -> eligibleForSignatureTrack:bool -> startDate:System.DateTime option -> record:JsonProvider+Record -> status:bool -> startYear:int option -> signatureTrackCertificateCombinedSignature:JsonValue -> endDate:JsonValue -> notifiedSubscribers:bool -> instructors:int[] -> active:bool -> eligibleForCertificates:bool -> signatureTrackCertificateSignatureBlurb:JsonValue -> deployed:bool -> aceCloseDate:JsonValue -> name:JsonProvider+IntOrString -> textbooks:JsonValue[] -> signatureTrackOpenTime:System.DateTime option -> eligibleForAce:bool option -> gradingPolicyNormal:string option -> aceOpenDate:JsonValue -> homeLink:string option -> creatorId:int option -> proctoredExamCompletionDate:JsonValue -> universityLogo:JsonValue -> signatureTrackCloseTime:System.DateTime option -> authReviewCompletionDate:JsonValue -> JsonProvider+Course
    JsonRuntime.CreateRecord([| ("grading_policy_distinction",
                                 (gradingPolicyDistinction :> obj))
                                ("ace_track_price_display",
                                 (aceTrackPriceDisplay :> obj))
                                ("signature_track_certificate_design_id",
                                 (signatureTrackCertificateDesignId :> obj))
                                ("ace_semester_hours",
                                 (aceSemesterHours :> obj))
                                ("start_day",
                                 (startDay :> obj))
                                ("duration_string",
                                 (durationString :> obj))
                                ("signature_track_last_chance_time",
                                 (signatureTrackLastChanceTime :> obj))
                                ("id",
                                 (id :> obj))
                                ("start_month",
                                 (startMonth :> obj))
                                ("certificate_description",
                                 (certificateDescription :> obj))
                                ("start_date_string",
                                 (startDateString :> obj))
                                ("chegg_session_id",
                                 (cheggSessionId :> obj))
                                ("signature_track_regular_price",
                                 (signatureTrackRegularPrice :> obj))
                                ("grades_release_date",
                                 (gradesReleaseDate :> obj))
                                ("certificates_ready",
                                 (certificatesReady :> obj))
                                ("signature_track_price",
                                 (signatureTrackPrice :> obj))
                                ("statement_design_id",
                                 (statementDesignId :> obj))
                                ("signature_track_registration_open",
                                 (signatureTrackRegistrationOpen :> obj))
                                ("topic_id",
                                 (topicId :> obj))
                                ("eligible_for_signature_track",
                                 (eligibleForSignatureTrack :> obj))
                                ("start_date",
                                 (startDate :> obj))
                                ("record",
                                 (record :> obj))
                                ("status",
                                 (status :> obj))
                                ("start_year",
                                 (startYear :> obj))
                                ("signature_track_certificate_combined_signature",
                                 (signatureTrackCertificateCombinedSignature :> obj))
                                ("end_date",
                                 (endDate :> obj))
                                ("notified_subscribers",
                                 (notifiedSubscribers :> obj))
                                ("instructors",
                                 (instructors :> obj))
                                ("active",
                                 (active :> obj))
                                ("eligible_for_certificates",
                                 (eligibleForCertificates :> obj))
                                ("signature_track_certificate_signature_blurb",
                                 (signatureTrackCertificateSignatureBlurb :> obj))
                                ("deployed",
                                 (deployed :> obj))
                                ("ace_close_date",
                                 (aceCloseDate :> obj))
                                ("name",
                                 (name :> obj))
                                ("textbooks",
                                 (textbooks :> obj))
                                ("signature_track_open_time",
                                 (signatureTrackOpenTime :> obj))
                                ("eligible_for_ACE",
                                 (eligibleForAce :> obj))
                                ("grading_policy_normal",
                                 (gradingPolicyNormal :> obj))
                                ("ace_open_date",
                                 (aceOpenDate :> obj))
                                ("home_link",
                                 (homeLink :> obj))
                                ("creator_id",
                                 (creatorId :> obj))
                                ("proctored_exam_completion_date",
                                 (proctoredExamCompletionDate :> obj))
                                ("university_logo",
                                 (universityLogo :> obj))
                                ("signature_track_close_time",
                                 (signatureTrackCloseTime :> obj))
                                ("auth_review_completion_date",
                                 (authReviewCompletionDate :> obj)) |], "")

    new : jsonValue:JsonValue -> JsonProvider+Course
    JsonDocument.Create(jsonValue, "")

    member AceCloseDate: FDR.IJsonDocument with get
    JsonRuntime.GetPropertyPackedOrNull(this, "ace_close_date")

    member AceOpenDate: FDR.IJsonDocument with get
    JsonRuntime.GetPropertyPackedOrNull(this, "ace_open_date")

    member AceSemesterHours: FDR.IJsonDocument with get
    JsonRuntime.GetPropertyPackedOrNull(this, "ace_semester_hours")

    member AceTrackPriceDisplay: FDR.IJsonDocument with get
    JsonRuntime.GetPropertyPackedOrNull(this, "ace_track_price_display")

    member Active: bool with get
    let value = JsonRuntime.TryGetPropertyUnpackedWithPath(this, "active")
    JsonRuntime.GetNonOptionalValue(value.Path, JsonRuntime.ConvertBoolean("", value.JsonOpt), value.JsonOpt)

    member AuthReviewCompletionDate: FDR.IJsonDocument with get
    JsonRuntime.GetPropertyPackedOrNull(this, "auth_review_completion_date")

    member CertificateDescription: string option with get
    JsonRuntime.ConvertString("", JsonRuntime.TryGetPropertyUnpacked(this, "certificate_description"))

    member CertificatesReady: bool with get
    let value = JsonRuntime.TryGetPropertyUnpackedWithPath(this, "certificates_ready")
    JsonRuntime.GetNonOptionalValue(value.Path, JsonRuntime.ConvertBoolean("", value.JsonOpt), value.JsonOpt)

    member CheggSessionId: FDR.IJsonDocument with get
    JsonRuntime.GetPropertyPackedOrNull(this, "chegg_session_id")

    member CreatorId: int option with get
    JsonRuntime.ConvertInteger("", JsonRuntime.TryGetPropertyUnpacked(this, "creator_id"))

    member Deployed: bool with get
    let value = JsonRuntime.TryGetPropertyUnpackedWithPath(this, "deployed")
    JsonRuntime.GetNonOptionalValue(value.Path, JsonRuntime.ConvertBoolean("", value.JsonOpt), value.JsonOpt)

    member DurationString: string option with get
    JsonRuntime.ConvertString("", JsonRuntime.TryGetPropertyUnpacked(this, "duration_string"))

    member EligibleForAce: bool option with get
    JsonRuntime.ConvertBoolean("", JsonRuntime.TryGetPropertyUnpacked(this, "eligible_for_ACE"))

    member EligibleForCertificates: bool with get
    let value = JsonRuntime.TryGetPropertyUnpackedWithPath(this, "eligible_for_certificates")
    JsonRuntime.GetNonOptionalValue(value.Path, JsonRuntime.ConvertBoolean("", value.JsonOpt), value.JsonOpt)

    member EligibleForSignatureTrack: bool with get
    let value = JsonRuntime.TryGetPropertyUnpackedWithPath(this, "eligible_for_signature_track")
    JsonRuntime.GetNonOptionalValue(value.Path, JsonRuntime.ConvertBoolean("", value.JsonOpt), value.JsonOpt)

    member EndDate: FDR.IJsonDocument with get
    JsonRuntime.GetPropertyPackedOrNull(this, "end_date")

    member GradesReleaseDate: System.DateTime option with get
    JsonRuntime.ConvertDateTime("", JsonRuntime.TryGetPropertyUnpacked(this, "grades_release_date"))

    member GradingPolicyDistinction: string option with get
    JsonRuntime.ConvertString("", JsonRuntime.TryGetPropertyUnpacked(this, "grading_policy_distinction"))

    member GradingPolicyNormal: string option with get
    JsonRuntime.ConvertString("", JsonRuntime.TryGetPropertyUnpacked(this, "grading_policy_normal"))

    member HomeLink: string option with get
    JsonRuntime.ConvertString("", JsonRuntime.TryGetPropertyUnpacked(this, "home_link"))

    member Id: int with get
    let value = JsonRuntime.TryGetPropertyUnpackedWithPath(this, "id")
    JsonRuntime.GetNonOptionalValue(value.Path, JsonRuntime.ConvertInteger("", value.JsonOpt), value.JsonOpt)

    member Instructors: int[] with get
    JsonRuntime.ConvertArray(JsonRuntime.GetPropertyPackedOrNull(this, "instructors"), new Func<_,_>(fun (t:IJsonDocument) -> JsonRuntime.GetNonOptionalValue(t.Path(), JsonRuntime.ConvertInteger("", Some t.JsonValue), Some t.JsonValue)))

    member Name: JsonProvider+IntOrString with get
    JsonRuntime.GetPropertyPackedOrNull(this, "name")

    member NotifiedSubscribers: bool with get
    let value = JsonRuntime.TryGetPropertyUnpackedWithPath(this, "notified_subscribers")
    JsonRuntime.GetNonOptionalValue(value.Path, JsonRuntime.ConvertBoolean("", value.JsonOpt), value.JsonOpt)

    member ProctoredExamCompletionDate: FDR.IJsonDocument with get
    JsonRuntime.GetPropertyPackedOrNull(this, "proctored_exam_completion_date")

    member Record: JsonProvider+Record with get
    JsonRuntime.GetPropertyPacked(this, "record")

    member SignatureTrackCertificateCombinedSignature: FDR.IJsonDocument with get
    JsonRuntime.GetPropertyPackedOrNull(this, "signature_track_certificate_combined_signature")

    member SignatureTrackCertificateDesignId: FDR.IJsonDocument with get
    JsonRuntime.GetPropertyPackedOrNull(this, "signature_track_certificate_design_id")

    member SignatureTrackCertificateSignatureBlurb: FDR.IJsonDocument with get
    JsonRuntime.GetPropertyPackedOrNull(this, "signature_track_certificate_signature_blurb")

    member SignatureTrackCloseTime: System.DateTime option with get
    JsonRuntime.ConvertDateTime("", JsonRuntime.TryGetPropertyUnpacked(this, "signature_track_close_time"))

    member SignatureTrackLastChanceTime: System.DateTime option with get
    JsonRuntime.ConvertDateTime("", JsonRuntime.TryGetPropertyUnpacked(this, "signature_track_last_chance_time"))

    member SignatureTrackOpenTime: System.DateTime option with get
    JsonRuntime.ConvertDateTime("", JsonRuntime.TryGetPropertyUnpacked(this, "signature_track_open_time"))

    member SignatureTrackPrice: int option with get
    JsonRuntime.ConvertInteger("", JsonRuntime.TryGetPropertyUnpacked(this, "signature_track_price"))

    member SignatureTrackRegistrationOpen: bool with get
    let value = JsonRuntime.TryGetPropertyUnpackedWithPath(this, "signature_track_registration_open")
    JsonRuntime.GetNonOptionalValue(value.Path, JsonRuntime.ConvertBoolean("", value.JsonOpt), value.JsonOpt)

    member SignatureTrackRegularPrice: int option with get
    JsonRuntime.ConvertInteger("", JsonRuntime.TryGetPropertyUnpacked(this, "signature_track_regular_price"))

    member StartDate: System.DateTime option with get
    JsonRuntime.ConvertDateTime("", JsonRuntime.TryGetPropertyUnpacked(this, "start_date"))

    member StartDateString: JsonProvider+StringOrDateTime with get
    JsonRuntime.GetPropertyPackedOrNull(this, "start_date_string")

    member StartDay: int option with get
    JsonRuntime.ConvertInteger("", JsonRuntime.TryGetPropertyUnpacked(this, "start_day"))

    member StartMonth: int option with get
    JsonRuntime.ConvertInteger("", JsonRuntime.TryGetPropertyUnpacked(this, "start_month"))

    member StartYear: int option with get
    JsonRuntime.ConvertInteger("", JsonRuntime.TryGetPropertyUnpacked(this, "start_year"))

    member StatementDesignId: int option with get
    JsonRuntime.ConvertInteger("", JsonRuntime.TryGetPropertyUnpacked(this, "statement_design_id"))

    member Status: bool with get
    let value = JsonRuntime.TryGetPropertyUnpackedWithPath(this, "status")
    JsonRuntime.GetNonOptionalValue(value.Path, JsonRuntime.ConvertBoolean("", value.JsonOpt), value.JsonOpt)

    member Textbooks: FDR.IJsonDocument[] with get
    JsonRuntime.ConvertArray(JsonRuntime.GetPropertyPackedOrNull(this, "textbooks"), new Func<_,_>(id)))

    member TopicId: int with get
    let value = JsonRuntime.TryGetPropertyUnpackedWithPath(this, "topic_id")
    JsonRuntime.GetNonOptionalValue(value.Path, JsonRuntime.ConvertInteger("", value.JsonOpt), value.JsonOpt)

    member UniversityLogo: FDR.IJsonDocument with get
    JsonRuntime.GetPropertyPackedOrNull(this, "university_logo")


class JsonProvider+University : FDR.IJsonDocument
    new : rectangularLogoSvg:string option -> wordmark:JsonValue -> websiteTwitter:string option -> chinaMirror:int option -> favicon:string option -> websiteFacebook:string option -> logo:string option -> backgroundColor:JsonValue -> id:int -> locationCity:string option -> locationCountry:string option -> locationLat:decimal option -> location:string option -> primaryColor:string option -> abbrName:string -> website:string option -> description:string option -> shortName:string -> landingPageBanner:string option -> mailingListId:JsonValue -> websiteYoutube:string option -> partnerType:int -> banner:string option -> locationState:string option -> name:string -> squareLogo:string option -> squareLogoSource:string option -> squareLogoSvg:string option -> locationLng:decimal option -> homeLink:string option -> classLogo:string option -> display:bool -> JsonProvider+University
    JsonRuntime.CreateRecord([| ("rectangular_logo_svg",
                                 (rectangularLogoSvg :> obj))
                                ("wordmark",
                                 (wordmark :> obj))
                                ("website_twitter",
                                 (websiteTwitter :> obj))
                                ("china_mirror",
                                 (chinaMirror :> obj))
                                ("favicon",
                                 (favicon :> obj))
                                ("website_facebook",
                                 (websiteFacebook :> obj))
                                ("logo",
                                 (logo :> obj))
                                ("background_color",
                                 (backgroundColor :> obj))
                                ("id",
                                 (id :> obj))
                                ("location_city",
                                 (locationCity :> obj))
                                ("location_country",
                                 (locationCountry :> obj))
                                ("location_lat",
                                 (locationLat :> obj))
                                ("location",
                                 (location :> obj))
                                ("primary_color",
                                 (primaryColor :> obj))
                                ("abbr_name",
                                 (abbrName :> obj))
                                ("website",
                                 (website :> obj))
                                ("description",
                                 (description :> obj))
                                ("short_name",
                                 (shortName :> obj))
                                ("landing_page_banner",
                                 (landingPageBanner :> obj))
                                ("mailing_list_id",
                                 (mailingListId :> obj))
                                ("website_youtube",
                                 (websiteYoutube :> obj))
                                ("partner_type",
                                 (partnerType :> obj))
                                ("banner",
                                 (banner :> obj))
                                ("location_state",
                                 (locationState :> obj))
                                ("name",
                                 (name :> obj))
                                ("square_logo",
                                 (squareLogo :> obj))
                                ("square_logo_source",
                                 (squareLogoSource :> obj))
                                ("square_logo_svg",
                                 (squareLogoSvg :> obj))
                                ("location_lng",
                                 (locationLng :> obj))
                                ("home_link",
                                 (homeLink :> obj))
                                ("class_logo",
                                 (classLogo :> obj))
                                ("display",
                                 (display :> obj)) |], "")

    new : jsonValue:JsonValue -> JsonProvider+University
    JsonDocument.Create(jsonValue, "")

    member AbbrName: string with get
    let value = JsonRuntime.TryGetPropertyUnpackedWithPath(this, "abbr_name")
    JsonRuntime.GetNonOptionalValue(value.Path, JsonRuntime.ConvertString("", value.JsonOpt), value.JsonOpt)

    member BackgroundColor: FDR.IJsonDocument with get
    JsonRuntime.GetPropertyPackedOrNull(this, "background_color")

    member Banner: string option with get
    JsonRuntime.ConvertString("", JsonRuntime.TryGetPropertyUnpacked(this, "banner"))

    member ChinaMirror: int option with get
    JsonRuntime.ConvertInteger("", JsonRuntime.TryGetPropertyUnpacked(this, "china_mirror"))

    member ClassLogo: string option with get
    JsonRuntime.ConvertString("", JsonRuntime.TryGetPropertyUnpacked(this, "class_logo"))

    member Description: string option with get
    JsonRuntime.ConvertString("", JsonRuntime.TryGetPropertyUnpacked(this, "description"))

    member Display: bool with get
    let value = JsonRuntime.TryGetPropertyUnpackedWithPath(this, "display")
    JsonRuntime.GetNonOptionalValue(value.Path, JsonRuntime.ConvertBoolean("", value.JsonOpt), value.JsonOpt)

    member Favicon: string option with get
    JsonRuntime.ConvertString("", JsonRuntime.TryGetPropertyUnpacked(this, "favicon"))

    member HomeLink: string option with get
    JsonRuntime.ConvertString("", JsonRuntime.TryGetPropertyUnpacked(this, "home_link"))

    member Id: int with get
    let value = JsonRuntime.TryGetPropertyUnpackedWithPath(this, "id")
    JsonRuntime.GetNonOptionalValue(value.Path, JsonRuntime.ConvertInteger("", value.JsonOpt), value.JsonOpt)

    member LandingPageBanner: string option with get
    JsonRuntime.ConvertString("", JsonRuntime.TryGetPropertyUnpacked(this, "landing_page_banner"))

    member Location: string option with get
    JsonRuntime.ConvertString("", JsonRuntime.TryGetPropertyUnpacked(this, "location"))

    member LocationCity: string option with get
    JsonRuntime.ConvertString("", JsonRuntime.TryGetPropertyUnpacked(this, "location_city"))

    member LocationCountry: string option with get
    JsonRuntime.ConvertString("", JsonRuntime.TryGetPropertyUnpacked(this, "location_country"))

    member LocationLat: decimal option with get
    JsonRuntime.ConvertDecimal("", JsonRuntime.TryGetPropertyUnpacked(this, "location_lat"))

    member LocationLng: decimal option with get
    JsonRuntime.ConvertDecimal("", JsonRuntime.TryGetPropertyUnpacked(this, "location_lng"))

    member LocationState: string option with get
    JsonRuntime.ConvertString("", JsonRuntime.TryGetPropertyUnpacked(this, "location_state"))

    member Logo: string option with get
    JsonRuntime.ConvertString("", JsonRuntime.TryGetPropertyUnpacked(this, "logo"))

    member MailingListId: FDR.IJsonDocument with get
    JsonRuntime.GetPropertyPackedOrNull(this, "mailing_list_id")

    member Name: string with get
    let value = JsonRuntime.TryGetPropertyUnpackedWithPath(this, "name")
    JsonRuntime.GetNonOptionalValue(value.Path, JsonRuntime.ConvertString("", value.JsonOpt), value.JsonOpt)

    member PartnerType: int with get
    let value = JsonRuntime.TryGetPropertyUnpackedWithPath(this, "partner_type")
    JsonRuntime.GetNonOptionalValue(value.Path, JsonRuntime.ConvertInteger("", value.JsonOpt), value.JsonOpt)

    member PrimaryColor: string option with get
    JsonRuntime.ConvertString("", JsonRuntime.TryGetPropertyUnpacked(this, "primary_color"))

    member RectangularLogoSvg: string option with get
    JsonRuntime.ConvertString("", JsonRuntime.TryGetPropertyUnpacked(this, "rectangular_logo_svg"))

    member ShortName: string with get
    let value = JsonRuntime.TryGetPropertyUnpackedWithPath(this, "short_name")
    JsonRuntime.GetNonOptionalValue(value.Path, JsonRuntime.ConvertString("", value.JsonOpt), value.JsonOpt)

    member SquareLogo: string option with get
    JsonRuntime.ConvertString("", JsonRuntime.TryGetPropertyUnpacked(this, "square_logo"))

    member SquareLogoSource: string option with get
    JsonRuntime.ConvertString("", JsonRuntime.TryGetPropertyUnpacked(this, "square_logo_source"))

    member SquareLogoSvg: string option with get
    JsonRuntime.ConvertString("", JsonRuntime.TryGetPropertyUnpacked(this, "square_logo_svg"))

    member Website: string option with get
    JsonRuntime.ConvertString("", JsonRuntime.TryGetPropertyUnpacked(this, "website"))

    member WebsiteFacebook: string option with get
    JsonRuntime.ConvertString("", JsonRuntime.TryGetPropertyUnpacked(this, "website_facebook"))

    member WebsiteTwitter: string option with get
    JsonRuntime.ConvertString("", JsonRuntime.TryGetPropertyUnpacked(this, "website_twitter"))

    member WebsiteYoutube: string option with get
    JsonRuntime.ConvertString("", JsonRuntime.TryGetPropertyUnpacked(this, "website_youtube"))

    member Wordmark: FDR.IJsonDocument with get
    JsonRuntime.GetPropertyPackedOrNull(this, "wordmark")


class JsonProvider+IntOrString : FDR.IJsonDocument
    new : number:int -> JsonProvider+IntOrString
    JsonRuntime.CreateValue((number :> obj), "")

    new : string:string -> JsonProvider+IntOrString
    JsonRuntime.CreateValue((string :> obj), "")

    new : () -> JsonProvider+IntOrString
    JsonRuntime.CreateValue(null, "")

    new : jsonValue:JsonValue -> JsonProvider+IntOrString
    JsonDocument.Create(jsonValue, "")

    member Number: int option with get
    JsonRuntime.TryGetValueByTypeTag(this, "", "Number", new Func<_,_>(fun (t:IJsonDocument) -> JsonRuntime.GetNonOptionalValue(t.Path(), JsonRuntime.ConvertInteger("", Some t.JsonValue), Some t.JsonValue)))

    member String: string option with get
    JsonRuntime.TryGetValueByTypeTag(this, "", "String", new Func<_,_>(fun (t:IJsonDocument) -> JsonRuntime.GetNonOptionalValue(t.Path(), JsonRuntime.ConvertString("", Some t.JsonValue), Some t.JsonValue)))


class JsonProvider+Record : FDR.IJsonDocument
    new : gradeDistinction:decimal option -> shareForWork:bool option -> isEnrolledForProctoredExam:bool -> achievementLevel:int option -> signatureTrack:bool -> passedAce:bool -> aceGrade:int -> gradeNormal:decimal option -> verifyCertId:JsonValue -> authenticatedOverall:bool -> withGradeCertId:JsonValue -> JsonProvider+Record
    JsonRuntime.CreateRecord([| ("grade_distinction",
                                 (gradeDistinction :> obj))
                                ("share_for_work",
                                 (shareForWork :> obj))
                                ("is_enrolled_for_proctored_exam",
                                 (isEnrolledForProctoredExam :> obj))
                                ("achievement_level",
                                 (achievementLevel :> obj))
                                ("signature_track",
                                 (signatureTrack :> obj))
                                ("passed_ace",
                                 (passedAce :> obj))
                                ("ace_grade",
                                 (aceGrade :> obj))
                                ("grade_normal",
                                 (gradeNormal :> obj))
                                ("verify_cert_id",
                                 (verifyCertId :> obj))
                                ("authenticated_overall",
                                 (authenticatedOverall :> obj))
                                ("with_grade_cert_id",
                                 (withGradeCertId :> obj)) |], "")

    new : jsonValue:JsonValue -> JsonProvider+Record
    JsonDocument.Create(jsonValue, "")

    member AceGrade: int with get
    let value = JsonRuntime.TryGetPropertyUnpackedWithPath(this, "ace_grade")
    JsonRuntime.GetNonOptionalValue(value.Path, JsonRuntime.ConvertInteger("", value.JsonOpt), value.JsonOpt)

    member AchievementLevel: int option with get
    JsonRuntime.ConvertInteger("", JsonRuntime.TryGetPropertyUnpacked(this, "achievement_level"))

    member AuthenticatedOverall: bool with get
    let value = JsonRuntime.TryGetPropertyUnpackedWithPath(this, "authenticated_overall")
    JsonRuntime.GetNonOptionalValue(value.Path, JsonRuntime.ConvertBoolean("", value.JsonOpt), value.JsonOpt)

    member GradeDistinction: decimal option with get
    JsonRuntime.ConvertDecimal("", JsonRuntime.TryGetPropertyUnpacked(this, "grade_distinction"))

    member GradeNormal: decimal option with get
    JsonRuntime.ConvertDecimal("", JsonRuntime.TryGetPropertyUnpacked(this, "grade_normal"))

    member IsEnrolledForProctoredExam: bool with get
    let value = JsonRuntime.TryGetPropertyUnpackedWithPath(this, "is_enrolled_for_proctored_exam")
    JsonRuntime.GetNonOptionalValue(value.Path, JsonRuntime.ConvertBoolean("", value.JsonOpt), value.JsonOpt)

    member PassedAce: bool with get
    let value = JsonRuntime.TryGetPropertyUnpackedWithPath(this, "passed_ace")
    JsonRuntime.GetNonOptionalValue(value.Path, JsonRuntime.ConvertBoolean("", value.JsonOpt), value.JsonOpt)

    member ShareForWork: bool option with get
    JsonRuntime.ConvertBoolean("", JsonRuntime.TryGetPropertyUnpacked(this, "share_for_work"))

    member SignatureTrack: bool with get
    let value = JsonRuntime.TryGetPropertyUnpackedWithPath(this, "signature_track")
    JsonRuntime.GetNonOptionalValue(value.Path, JsonRuntime.ConvertBoolean("", value.JsonOpt), value.JsonOpt)

    member VerifyCertId: FDR.IJsonDocument with get
    JsonRuntime.GetPropertyPackedOrNull(this, "verify_cert_id")

    member WithGradeCertId: FDR.IJsonDocument with get
    JsonRuntime.GetPropertyPackedOrNull(this, "with_grade_cert_id")


class JsonProvider+StringOrDateTime : FDR.IJsonDocument
    new : string:string -> JsonProvider+StringOrDateTime
    JsonRuntime.CreateValue((string :> obj), "")

    new : dateTime:System.DateTime -> JsonProvider+StringOrDateTime
    JsonRuntime.CreateValue((dateTime :> obj), "")

    new : () -> JsonProvider+StringOrDateTime
    JsonRuntime.CreateValue(null, "")

    new : jsonValue:JsonValue -> JsonProvider+StringOrDateTime
    JsonDocument.Create(jsonValue, "")

    member DateTime: System.DateTime option with get
    JsonRuntime.TryGetValueByTypeTag(this, "", "DateTime", new Func<_,_>(fun (t:IJsonDocument) -> JsonRuntime.GetNonOptionalValue(t.Path(), JsonRuntime.ConvertDateTime("", Some t.JsonValue), Some t.JsonValue)))

    member String: string option with get
    JsonRuntime.TryGetValueByTypeTag(this, "", "String", new Func<_,_>(fun (t:IJsonDocument) -> JsonRuntime.GetNonOptionalValue(t.Path(), JsonRuntime.ConvertString("", Some t.JsonValue), Some t.JsonValue)))


