class XmlProvider : obj
    static member AsyncGetSample: () -> XmlProvider+Div async
    let f = new Func<_,_>(fun (t:TextReader) -> XmlElement.Create(t))
    TextRuntime.AsyncMap((IO.asyncReadTextAtRuntimeWithDesignTimeRules "<RESOLUTION_FOLDER>" "" "XML" "" "HtmlBody.xml"), f)

    static member AsyncLoad: uri:string -> XmlProvider+Div async
    let f = new Func<_,_>(fun (t:TextReader) -> XmlElement.Create(t))
    TextRuntime.AsyncMap((IO.asyncReadTextAtRuntime false "<RESOLUTION_FOLDER>" "" "XML" "" uri), f)

    static member GetSample: () -> XmlProvider+Div
    XmlElement.Create(FSharpAsync.RunSynchronously((IO.asyncReadTextAtRuntimeWithDesignTimeRules "<RESOLUTION_FOLDER>" "" "XML" "" "HtmlBody.xml")))

    static member Load: stream:System.IO.Stream -> XmlProvider+Div
    XmlElement.Create(((new StreamReader(stream)) :> TextReader))

    static member Load: reader:System.IO.TextReader -> XmlProvider+Div
    XmlElement.Create(reader)

    static member Load: uri:string -> XmlProvider+Div
    XmlElement.Create(FSharpAsync.RunSynchronously((IO.asyncReadTextAtRuntime false "<RESOLUTION_FOLDER>" "" "XML" "" uri)))

    static member Parse: text:string -> XmlProvider+Div
    XmlElement.Create(((new StringReader(text)) :> TextReader))


class XmlProvider+Div : FDR.BaseTypes.XmlElement
    new : id:string option -> value:string option -> spans:string[] -> divs:XmlProvider+Div[] -> XmlProvider+Div
    XmlRuntime.CreateRecord("div", 
                            [| ("id",
                                (id :> obj)) |], 
                            [| ("",
                                (value :> obj))
                               ("span",
                                (spans :> obj))
                               ("div",
                                (divs :> obj)) |], "")

    new : xElement:System.Xml.Linq.XElement -> XmlProvider+Div
    XmlElement.Create(xElement)

    member Divs: XmlProvider+Div[] with get
    XmlRuntime.ConvertArray(this, "div", new Func<_,_>(id)))

    member Id: string option with get
    TextRuntime.ConvertString(XmlRuntime.TryGetAttribute(this, "id"))

    member Spans: string[] with get
    XmlRuntime.ConvertArray(this, "span", new Func<_,_>(fun (t:XmlElement) -> 
                                                           let value = XmlRuntime.TryGetValue(t)
                                                           TextRuntime.GetNonOptionalValue("Value", TextRuntime.ConvertString(value), value)))

    member Value: string option with get
    TextRuntime.ConvertString(XmlRuntime.TryGetValue(this))


