class CsvProvider : FDR.CsvFile<CsvProvider+Row>
    new : () -> CsvProvider
    static member Parse: text:string -> CsvProvider
    static member Load: stream:System.IO.Stream -> CsvProvider
    static member Load: reader:System.IO.TextReader -> CsvProvider
    static member Load: uri:string -> CsvProvider

class CsvProvider+Row : int * decimal
    member AsTuple: int * decimal with get
    member Distance: int<metre> with get
    member Time: decimal<second> with get

