class CsvProvider : FDR.CsvFile<System.Tuple<float, float, decimal, int, int, int>>
    member Data: CsvProvider+Row seq with get
    new : () -> CsvProvider
    static member Parse: text:string -> CsvProvider
    static member Load: stream:System.IO.Stream -> CsvProvider
    static member Load: uri:string -> CsvProvider

class CsvProvider+Row : System.Tuple<float, float, decimal, int, int, int>
    member Ozone: float with get
    member Solar.R: float with get
    member Wind: decimal with get
    member Temp: int with get
    member Month: int with get
    member Day: int with get

