class CsvProvider : FDR.CsvFile
    member Data: CsvProvider+Row seq with get
    new : () -> CsvProvider
    static member Parse: text:string -> CsvProvider
    static member Load: stream:System.IO.Stream -> CsvProvider
    static member Load: uri:string -> CsvProvider

class CsvProvider+Row : FDR.CsvRow
    member Date: System.DateTime with get
    member Open: decimal with get
    member High: decimal with get
    member Low: decimal with get
    member Close: decimal with get
    member Volume: int with get
    member AdjClose: decimal with get

