class CsvProvider : FDR.CsvFile<CsvProvider+Row>
    new : () -> CsvProvider
    static member Parse: text:string -> CsvProvider
    static member Load: stream:System.IO.Stream -> CsvProvider
    static member Load: reader:System.IO.TextReader -> CsvProvider
    static member Load: uri:string -> CsvProvider

class CsvProvider+Row : float * float * decimal * int * int * int
    member AsTuple: float * float * decimal * int * int * int with get
    member Ozone: float with get
    member Solar.R: float with get
    member Wind: decimal with get
    member Temp: int with get
    member Month: int with get
    member Day: int with get

