class HtmlTableProvider

class HtmlTableProvider+Tables

class HtmlTableProvider+Tables+Recent Major Volcanic Eruptions in the Pacific Northwest : FDR.HtmlTable<HtmlTableProvider+Tables+Recent Major Volcanic Eruptions in the Pacific Northwest+Row>
    static member Load: text:string -> HtmlTableProvider+Tables+Recent Major Volcanic Eruptions in the Pacific Northwest
    let rowConveter = new Func<_,_>(fun (row:string[]) -> 
                                       let value = TextConversions.AsString(row.[0])
                                       TextRuntime.GetNonOptionalValue("Volcano Name", TextRuntime.ConvertString(value), value),
                                       let value = TextConversions.AsString(row.[1])
                                       TextRuntime.GetNonOptionalValue("Location", TextRuntime.ConvertString(value), value),
                                       let value = TextConversions.AsString(row.[2])
                                       TextRuntime.GetNonOptionalValue("Last Major Eruption", TextRuntime.ConvertString(value), value),
                                       let value = TextConversions.AsString(row.[3])
                                       TextRuntime.GetNonOptionalValue("Type of Eruption", TextRuntime.ConvertString(value), value))
    HtmlTable<_>.Create(rowConveter, "Recent Major Volcanic Eruptions in the Pacific Northwest", text)


class HtmlTableProvider+Tables+Recent Major Volcanic Eruptions in the Pacific Northwest : FDR.HtmlTable<HtmlTableProvider+Tables+Recent Major Volcanic Eruptions in the Pacific Northwest+Row>
    static member Load: text:string -> HtmlTableProvider+Tables+Recent Major Volcanic Eruptions in the Pacific Northwest
    let rowConveter = new Func<_,_>(fun (row:string[]) -> 
                                       let value = TextConversions.AsString(row.[0])
                                       TextRuntime.GetNonOptionalValue("Volcano Name", TextRuntime.ConvertString(value), value),
                                       let value = TextConversions.AsString(row.[1])
                                       TextRuntime.GetNonOptionalValue("Location", TextRuntime.ConvertString(value), value),
                                       let value = TextConversions.AsString(row.[2])
                                       TextRuntime.GetNonOptionalValue("Last Major Eruption", TextRuntime.ConvertString(value), value),
                                       let value = TextConversions.AsString(row.[3])
                                       TextRuntime.GetNonOptionalValue("Type of Eruption", TextRuntime.ConvertString(value), value))
    HtmlTable<_>.Create(rowConveter, "Recent Major Volcanic Eruptions in the Pacific Northwest", text)


class HtmlTableProvider+Tables+Table_0 : FDR.HtmlTable<HtmlTableProvider+Tables+Table_0+Row>
    static member Load: text:string -> HtmlTableProvider+Tables+Table_0
    let rowConveter = new Func<_,_>(fun (row:string[]) -> 
                                       let value = TextConversions.AsString(row.[0])
                                       TextRuntime.GetNonOptionalValue("Volcano Name", TextRuntime.ConvertString(value), value),
                                       let value = TextConversions.AsString(row.[1])
                                       TextRuntime.GetNonOptionalValue("Location", TextRuntime.ConvertString(value), value),
                                       let value = TextConversions.AsString(row.[2])
                                       TextRuntime.GetNonOptionalValue("Last Major Eruption", TextRuntime.ConvertString(value), value),
                                       let value = TextConversions.AsString(row.[3])
                                       TextRuntime.GetNonOptionalValue("Type of Eruption", TextRuntime.ConvertString(value), value))
    HtmlTable<_>.Create(rowConveter, "Table_0", text)


class HtmlTableProvider+Tables+Recent Major Volcanic Eruptions in the Pacific Northwest+Row : string * string * string * string
    member Last Major Eruption: string with get
    (let _,_,t3,_ = this in t3)

    member Location: string with get
    (let _,t2,_,_ = this in t2)

    member Type of Eruption: string with get
    (let _,_,_,t4 = this in t4)

    member Volcano Name: string with get
    (let t1,_,_,_ = this in t1)


class HtmlTableProvider+Tables+Recent Major Volcanic Eruptions in the Pacific Northwest+Row : string * string * string * string
    member Last Major Eruption: string with get
    (let _,_,t3,_ = this in t3)

    member Location: string with get
    (let _,t2,_,_ = this in t2)

    member Type of Eruption: string with get
    (let _,_,_,t4 = this in t4)

    member Volcano Name: string with get
    (let t1,_,_,_ = this in t1)


class HtmlTableProvider+Tables+Table_0+Row : string * string * string * string
    member Last Major Eruption: string with get
    (let _,_,t3,_ = this in t3)

    member Location: string with get
    (let _,t2,_,_ = this in t2)

    member Type of Eruption: string with get
    (let _,_,_,t4 = this in t4)

    member Volcano Name: string with get
    (let t1,_,_,_ = this in t1)


