class HtmlTableProvider

class HtmlTableProvider+Tables

class HtmlTableProvider+Tables+Table_0 : FDR.HtmlTable<HtmlTableProvider+Tables+Table_0+Row>
    static member Load: text:string -> HtmlTableProvider+Tables+Table_0
    let rowConveter = new Func<_,_>(fun (row:string[]) -> 
                                       let value = TextConversions.AsString(row.[0])
                                       TextRuntime.GetNonOptionalValue("Rank", TextRuntime.ConvertInteger("", value), value),
                                       let value = TextConversions.AsString(row.[1])
                                       TextRuntime.GetNonOptionalValue("Built-up area [ 3 ]", TextRuntime.ConvertString(value), value),
                                       let value = TextConversions.AsString(row.[2])
                                       TextRuntime.GetNonOptionalValue("Population (2011 Census) [ 3 ]", TextRuntime.ConvertDecimal("", value), value),
                                       let value = TextConversions.AsString(row.[3])
                                       TextRuntime.GetNonOptionalValue("Area (km�) [ 3 ]", TextRuntime.ConvertDecimal("", value), value),
                                       let value = TextConversions.AsString(row.[4])
                                       TextRuntime.GetNonOptionalValue("Density (People/km�) [ 3 ]", TextRuntime.ConvertDecimal("", value), value),
                                       let value = TextConversions.AsString(row.[5])
                                       TextRuntime.GetNonOptionalValue("Major subdivisions [ 3 ]", TextRuntime.ConvertString(value), value),
                                       let value = TextConversions.AsString(row.[6])
                                       TextRuntime.GetNonOptionalValue("Metropolitan Area [ 4 ] [ 5 ]", TextRuntime.ConvertString(value), value),
                                       let value = TextConversions.AsString(row.[7])
                                       TextRuntime.GetNonOptionalValue("Notable changes between 2001 and 2011 censuses [ 6 ]", TextRuntime.ConvertString(value), value))
    HtmlTable<_>.Create(rowConveter, "Table_0", text)


class HtmlTableProvider+Tables+Table_1 : FDR.HtmlTable<HtmlTableProvider+Tables+Table_1+Row>
    static member Load: text:string -> HtmlTableProvider+Tables+Table_1
    let rowConveter = new Func<_,_>(fun (row:string[]) -> 
                                       let value = TextConversions.AsString(row.[0])
                                       TextRuntime.GetNonOptionalValue("Rank", TextRuntime.ConvertInteger("", value), value),
                                       let value = TextConversions.AsString(row.[1])
                                       TextRuntime.GetNonOptionalValue("Urban Area [ 8 ]", TextRuntime.ConvertString(value), value),
                                       let value = TextConversions.AsString(row.[2])
                                       TextRuntime.GetNonOptionalValue("Population (2001 Census)", TextRuntime.ConvertDecimal("", value), value),
                                       let value = TextConversions.AsString(row.[3])
                                       TextRuntime.GetNonOptionalValue("Area (km�)", TextRuntime.ConvertDecimal("", value), value),
                                       let value = TextConversions.AsString(row.[4])
                                       TextRuntime.GetNonOptionalValue("Density (People/km�)", TextRuntime.ConvertDecimal("", value), value),
                                       let value = TextConversions.AsString(row.[5])
                                       TextRuntime.GetNonOptionalValue("Major subdivisions", TextRuntime.ConvertString(value), value),
                                       let value = TextConversions.AsString(row.[6])
                                       TextRuntime.GetNonOptionalValue("Metropolitan Area [ 4 ] [ 5 ]", TextRuntime.ConvertString(value), value))
    HtmlTable<_>.Create(rowConveter, "Table_1", text)


class HtmlTableProvider+Tables+Table_2 : FDR.HtmlTable<HtmlTableProvider+Tables+Table_2+Row>
    static member Load: text:string -> HtmlTableProvider+Tables+Table_2
    let rowConveter = new Func<_,_>(fun (row:string[]) -> 
                                       let value = TextConversions.AsString(row.[0])
                                       TextRuntime.GetNonOptionalValue("Rank", TextRuntime.ConvertInteger("", value), value),
                                       let value = TextConversions.AsString(row.[1])
                                       TextRuntime.GetNonOptionalValue("Urban Area [ 9 ]", TextRuntime.ConvertString(value), value),
                                       let value = TextConversions.AsString(row.[2])
                                       TextRuntime.GetNonOptionalValue("Population (2001 Census)", TextRuntime.ConvertDecimal("", value), value),
                                       let value = TextConversions.AsString(row.[3])
                                       TextRuntime.GetNonOptionalValue("Area (km�)", TextRuntime.ConvertDecimal("", value), value),
                                       let value = TextConversions.AsString(row.[4])
                                       TextRuntime.GetNonOptionalValue("Density (People/km�)", TextRuntime.ConvertDecimal("", value), value),
                                       let value = TextConversions.AsString(row.[5])
                                       TextRuntime.GetNonOptionalValue("Major subdivisions", TextRuntime.ConvertString(value), value),
                                       let value = TextConversions.AsString(row.[6])
                                       TextRuntime.GetNonOptionalValue("Metropolitan Area [ 4 ] [ 5 ]", TextRuntime.ConvertString(value), value))
    HtmlTable<_>.Create(rowConveter, "Table_2", text)


class HtmlTableProvider+Tables+Table_0+Row : int * string * decimal * decimal * decimal * string * string * string
    member Area (km�) [ 3 ]: decimal with get
    (let _,_,_,t4,_,_,_,_ = this in t4)

    member Built-up area [ 3 ]: string with get
    (let _,t2,_,_,_,_,_,_ = this in t2)

    member Density (People/km�) [ 3 ]: decimal with get
    (let _,_,_,_,t5,_,_,_ = this in t5)

    member Major subdivisions [ 3 ]: string with get
    (let _,_,_,_,_,t6,_,_ = this in t6)

    member Metropolitan Area [ 4 ] [ 5 ]: string with get
    (let _,_,_,_,_,_,t7,_ = this in t7)

    member Notable changes between 2001 and 2011 censuses [ 6 ]: string with get
    (let _,_,_,_,_,_,_,t8 = this in t8)

    member Population (2011 Census) [ 3 ]: decimal with get
    (let _,_,t3,_,_,_,_,_ = this in t3)

    member Rank: int with get
    (let t1,_,_,_,_,_,_,_ = this in t1)


class HtmlTableProvider+Tables+Table_1+Row : int * string * decimal * decimal * decimal * string * string
    member Area (km�): decimal with get
    (let _,_,_,t4,_,_,_ = this in t4)

    member Density (People/km�): decimal with get
    (let _,_,_,_,t5,_,_ = this in t5)

    member Major subdivisions: string with get
    (let _,_,_,_,_,t6,_ = this in t6)

    member Metropolitan Area [ 4 ] [ 5 ]: string with get
    (let _,_,_,_,_,_,t7 = this in t7)

    member Population (2001 Census): decimal with get
    (let _,_,t3,_,_,_,_ = this in t3)

    member Rank: int with get
    (let t1,_,_,_,_,_,_ = this in t1)

    member Urban Area [ 8 ]: string with get
    (let _,t2,_,_,_,_,_ = this in t2)


class HtmlTableProvider+Tables+Table_2+Row : int * string * decimal * decimal * decimal * string * string
    member Area (km�): decimal with get
    (let _,_,_,t4,_,_,_ = this in t4)

    member Density (People/km�): decimal with get
    (let _,_,_,_,t5,_,_ = this in t5)

    member Major subdivisions: string with get
    (let _,_,_,_,_,t6,_ = this in t6)

    member Metropolitan Area [ 4 ] [ 5 ]: string with get
    (let _,_,_,_,_,_,t7 = this in t7)

    member Population (2001 Census): decimal with get
    (let _,_,t3,_,_,_,_ = this in t3)

    member Rank: int with get
    (let t1,_,_,_,_,_,_ = this in t1)

    member Urban Area [ 9 ]: string with get
    (let _,t2,_,_,_,_,_ = this in t2)


