class JsonProvider
    new : () -> JsonProvider
    static member Parse: text:string -> JsonProvider+DomainTypes+Entity
    static member Load: stream:System.IO.Stream -> JsonProvider+DomainTypes+Entity
    static member Load: reader:System.IO.TextReader -> JsonProvider+DomainTypes+Entity
    static member Load: uri:string -> JsonProvider+DomainTypes+Entity
    static member GetSample: () -> JsonProvider+DomainTypes+Entity

class JsonProvider+DomainTypes

class JsonProvider+DomainTypes+Entity : FDR.JsonDocument
    member Ordercontainer: JsonProvider+DomainTypes+Entity2 with get

class JsonProvider+DomainTypes+Entity2 : FDR.JsonDocument
    member Backgrounds: JsonProvider+DomainTypes+Entity3 with get
    member Project: JsonProvider+DomainTypes+Entity6 with get

class JsonProvider+DomainTypes+Entity3 : FDR.JsonDocument
    member Background: JsonProvider+DomainTypes+Entity4 with get

class JsonProvider+DomainTypes+Entity4 : FDR.JsonDocument
    member Title: JsonProvider+DomainTypes+Entity5 with get

class JsonProvider+DomainTypes+Entity5 : FDR.JsonDocument
    member Text: string with get

class JsonProvider+DomainTypes+Entity6 : FDR.JsonDocument
    member Title: JsonProvider+DomainTypes+Entity7 with get

class JsonProvider+DomainTypes+Entity7 : FDR.JsonDocument
    member Text: string with get

