class XmlProvider
    static member AsyncGetSamples: () -> XmlProvider+Choice[] async
    let f = new Func<_,_>(fun (t:TextReader) -> XmlElement.CreateList(t))
    TextRuntime.AsyncMap((IO.asyncReadTextAtRuntimeWithDesignTimeRules @"<RESOLUTION_FOLDER>" "" "AnyFeed.xml"), f)

    static member AsyncLoad: uri:string -> XmlProvider+Choice async
    let f = new Func<_,_>(fun (t:TextReader) -> XmlElement.Create(t))
    TextRuntime.AsyncMap((IO.asyncReadTextAtRuntime false @"<RESOLUTION_FOLDER>" "" uri), f)

    static member GetSamples: () -> XmlProvider+Choice[]
    XmlElement.CreateList(FSharpAsync.RunSynchronously((IO.asyncReadTextAtRuntimeWithDesignTimeRules @"<RESOLUTION_FOLDER>" "" "AnyFeed.xml")))

    static member Load: stream:System.IO.Stream -> XmlProvider+Choice
    XmlElement.Create(((new StreamReader(stream)) :> TextReader))

    static member Load: reader:System.IO.TextReader -> XmlProvider+Choice
    XmlElement.Create(reader)

    static member Load: uri:string -> XmlProvider+Choice
    XmlElement.Create(FSharpAsync.RunSynchronously((IO.asyncReadTextAtRuntime false @"<RESOLUTION_FOLDER>" "" uri)))

    static member Parse: text:string -> XmlProvider+Choice
    XmlElement.Create(((new StringReader(text)) :> TextReader))


class XmlProvider+Choice : FDR.XmlElement
    member Feed: XmlProvider+Feed option with get
    XmlRuntime.ConvertAsName(this, "{http://www.w3.org/2005/Atom}feed", new Func<_,_>(id)))

    member Rss: XmlProvider+Rss option with get
    XmlRuntime.ConvertAsName(this, "rss", new Func<_,_>(id)))


class XmlProvider+Feed : FDR.XmlElement
    member Entry: XmlProvider+Entry with get
    XmlRuntime.GetChild(this, "{http://www.w3.org/2005/Atom}entry")

    member Id: string with get
    let value = XmlRuntime.TryGetValue(XmlRuntime.GetChild(this, "{http://www.w3.org/2005/Atom}id"))
    TextRuntime.GetNonOptionalValue("Value", TextRuntime.ConvertString(value), value)

    member Links: XmlProvider+Link2[] with get
    XmlRuntime.ConvertArray(this, "{http://www.w3.org/2005/Atom}link", new Func<_,_>(id)))

    member Subtitle: string with get
    let value = XmlRuntime.TryGetValue(XmlRuntime.GetChild(this, "{http://www.w3.org/2005/Atom}subtitle"))
    TextRuntime.GetNonOptionalValue("Value", TextRuntime.ConvertString(value), value)

    member Title: string with get
    let value = XmlRuntime.TryGetValue(XmlRuntime.GetChild(this, "{http://www.w3.org/2005/Atom}title"))
    TextRuntime.GetNonOptionalValue("Value", TextRuntime.ConvertString(value), value)

    member Updated: System.DateTime with get
    let value = XmlRuntime.TryGetValue(XmlRuntime.GetChild(this, "{http://www.w3.org/2005/Atom}updated"))
    TextRuntime.GetNonOptionalValue("Value", TextRuntime.ConvertDateTime("", value), value)

    member Xmlns: string with get
    let value = XmlRuntime.TryGetAttribute(this, "xmlns")
    TextRuntime.GetNonOptionalValue("Attribute xmlns", TextRuntime.ConvertString(value), value)


class XmlProvider+Rss : FDR.XmlElement
    member Channel: XmlProvider+Channel with get
    XmlRuntime.GetChild(this, "channel")

    member Version: decimal with get
    let value = XmlRuntime.TryGetAttribute(this, "version")
    TextRuntime.GetNonOptionalValue("Attribute version", TextRuntime.ConvertDecimal("", value), value)


class XmlProvider+Channel : FDR.XmlElement
    member Description: string with get
    let value = XmlRuntime.TryGetValue(XmlRuntime.GetChild(this, "description"))
    TextRuntime.GetNonOptionalValue("Value", TextRuntime.ConvertString(value), value)

    member Items: XmlProvider+Item[] with get
    XmlRuntime.ConvertArray(this, "item", new Func<_,_>(id)))

    member Link: string with get
    let value = XmlRuntime.TryGetValue(XmlRuntime.GetChild(this, "link"))
    TextRuntime.GetNonOptionalValue("Value", TextRuntime.ConvertString(value), value)

    member Title: string with get
    let value = XmlRuntime.TryGetValue(XmlRuntime.GetChild(this, "title"))
    TextRuntime.GetNonOptionalValue("Value", TextRuntime.ConvertString(value), value)


class XmlProvider+Entry : FDR.XmlElement
    member Author: XmlProvider+Author with get
    XmlRuntime.GetChild(this, "{http://www.w3.org/2005/Atom}author")

    member Id: string with get
    let value = XmlRuntime.TryGetValue(XmlRuntime.GetChild(this, "{http://www.w3.org/2005/Atom}id"))
    TextRuntime.GetNonOptionalValue("Value", TextRuntime.ConvertString(value), value)

    member Links: XmlProvider+Link[] with get
    XmlRuntime.ConvertArray(this, "{http://www.w3.org/2005/Atom}link", new Func<_,_>(id)))

    member Summary: string with get
    let value = XmlRuntime.TryGetValue(XmlRuntime.GetChild(this, "{http://www.w3.org/2005/Atom}summary"))
    TextRuntime.GetNonOptionalValue("Value", TextRuntime.ConvertString(value), value)

    member Title: string with get
    let value = XmlRuntime.TryGetValue(XmlRuntime.GetChild(this, "{http://www.w3.org/2005/Atom}title"))
    TextRuntime.GetNonOptionalValue("Value", TextRuntime.ConvertString(value), value)

    member Updated: System.DateTime with get
    let value = XmlRuntime.TryGetValue(XmlRuntime.GetChild(this, "{http://www.w3.org/2005/Atom}updated"))
    TextRuntime.GetNonOptionalValue("Value", TextRuntime.ConvertDateTime("", value), value)


class XmlProvider+Link2 : FDR.XmlElement
    member Href: string with get
    let value = XmlRuntime.TryGetAttribute(this, "href")
    TextRuntime.GetNonOptionalValue("Attribute href", TextRuntime.ConvertString(value), value)

    member Rel: string option with get
    TextRuntime.ConvertString(XmlRuntime.TryGetAttribute(this, "rel"))


class XmlProvider+Author : FDR.XmlElement
    member Email: string with get
    let value = XmlRuntime.TryGetValue(XmlRuntime.GetChild(this, "{http://www.w3.org/2005/Atom}email"))
    TextRuntime.GetNonOptionalValue("Value", TextRuntime.ConvertString(value), value)

    member Name: string with get
    let value = XmlRuntime.TryGetValue(XmlRuntime.GetChild(this, "{http://www.w3.org/2005/Atom}name"))
    TextRuntime.GetNonOptionalValue("Value", TextRuntime.ConvertString(value), value)


class XmlProvider+Item : FDR.XmlElement
    member Description: string with get
    let value = XmlRuntime.TryGetValue(XmlRuntime.GetChild(this, "description"))
    TextRuntime.GetNonOptionalValue("Value", TextRuntime.ConvertString(value), value)

    member Link: string with get
    let value = XmlRuntime.TryGetValue(XmlRuntime.GetChild(this, "link"))
    TextRuntime.GetNonOptionalValue("Value", TextRuntime.ConvertString(value), value)

    member Title: string with get
    let value = XmlRuntime.TryGetValue(XmlRuntime.GetChild(this, "title"))
    TextRuntime.GetNonOptionalValue("Value", TextRuntime.ConvertString(value), value)


class XmlProvider+Link : FDR.XmlElement
    member Href: string with get
    let value = XmlRuntime.TryGetAttribute(this, "href")
    TextRuntime.GetNonOptionalValue("Attribute href", TextRuntime.ConvertString(value), value)

    member Rel: string option with get
    TextRuntime.ConvertString(XmlRuntime.TryGetAttribute(this, "rel"))

    member Type: string option with get
    TextRuntime.ConvertString(XmlRuntime.TryGetAttribute(this, "type"))


